0 verbose cli /usr/local/bin/node /usr/local/bin/npm
1 info using npm@10.8.2
2 info using node@v20.20.1
3 silly config load:file:/usr/local/lib/node_modules/npm/npmrc
4 silly config load:file:/data/.npmrc
5 silly config load:file:/root/.npmrc
6 silly config load:file:/usr/local/etc/npmrc
7 verbose title npm install node-red-contrib-modbus@5.45.2
8 verbose argv "install" "--no-audit" "--no-update-notifier" "--no-fund" "--save" "--save-prefix" "~" "--omit" "dev" "--engine-strict" "node-red-contrib-modbus@5.45.2"
9 verbose logfile logs-max:10 dir:/data/.npm/_logs/2026-04-01T09_06_01_403Z-
10 verbose logfile /data/.npm/_logs/2026-04-01T09_06_01_403Z-debug-0.log
11 silly packumentCache heap:2137260032 maxSize:534315008 maxEntrySize:267157504
12 silly logfile done cleaning log files
13 silly idealTree buildDeps
14 silly fetch manifest node-red-contrib-modbus@5.45.2
15 silly packumentCache full:https://registry.npmjs.org/node-red-contrib-modbus cache-miss
16 http fetch GET 200 https://registry.npmjs.org/node-red-contrib-modbus 529ms (cache miss)
17 silly packumentCache full:https://registry.npmjs.org/node-red-contrib-modbus set size:undefined disposed:false
18 silly placeDep ROOT node-red-contrib-modbus@5.45.2 OK for: node-red-project@0.0.1 want: 5.45.2
19 silly fetch manifest bson@~6.9.0
20 silly packumentCache full:https://registry.npmjs.org/bson cache-miss
21 silly fetch manifest debug@~4.3.7
22 silly packumentCache full:https://registry.npmjs.org/debug cache-miss
23 silly fetch manifest jsmodbus@~4.0.10
24 silly packumentCache full:https://registry.npmjs.org/jsmodbus cache-miss
25 http fetch GET 200 https://registry.npmjs.org/bson 95ms (cache miss)
26 silly packumentCache full:https://registry.npmjs.org/bson set size:undefined disposed:false
27 silly fetch manifest underscore@~1.13.7
28 silly packumentCache full:https://registry.npmjs.org/underscore cache-miss
29 http fetch GET 200 https://registry.npmjs.org/underscore 78ms (cache miss)
30 silly packumentCache full:https://registry.npmjs.org/underscore set size:undefined disposed:false
31 silly fetch manifest @xstate/fsm@~2.1.0
32 silly packumentCache full:https://registry.npmjs.org/@xstate%2ffsm cache-miss
33 http fetch GET 200 https://registry.npmjs.org/debug 213ms (cache miss)
34 silly packumentCache full:https://registry.npmjs.org/debug set size:undefined disposed:false
35 silly fetch manifest line-by-line@~0.1.6
36 silly packumentCache full:https://registry.npmjs.org/line-by-line cache-miss
37 http fetch GET 200 https://registry.npmjs.org/@xstate%2ffsm 103ms (cache miss)
38 silly packumentCache full:https://registry.npmjs.org/@xstate%2ffsm set size:undefined disposed:false
39 silly fetch manifest source-map-support@~0.5.21
40 silly packumentCache full:https://registry.npmjs.org/source-map-support cache-miss
41 http fetch GET 200 https://registry.npmjs.org/jsmodbus 355ms (cache miss)
42 silly packumentCache full:https://registry.npmjs.org/jsmodbus set size:undefined disposed:false
43 silly fetch manifest @openp4nr/modbus-serial@https://dl.cloudsmith.io/public/iniationware-gmbh/plus4nodered/npm/openp4nr/modbus-serial/8.4.0/openp4nr-modbus-serial-8.4.0.tgz
44 http fetch GET 200 https://registry.npmjs.org/source-map-support 74ms (cache miss)
45 silly packumentCache full:https://registry.npmjs.org/source-map-support set size:undefined disposed:false
46 silly fetch manifest serialport@~12.0.0
47 silly packumentCache full:https://registry.npmjs.org/serialport cache-miss
48 http fetch GET 200 https://registry.npmjs.org/line-by-line 257ms (cache miss)
49 silly packumentCache full:https://registry.npmjs.org/line-by-line set size:undefined disposed:false
50 silly fetch manifest @serialport/list@~12.0.0
51 silly packumentCache full:https://registry.npmjs.org/@serialport%2flist cache-miss
52 http fetch GET 200 https://registry.npmjs.org/serialport 252ms (cache miss)
53 silly packumentCache full:https://registry.npmjs.org/serialport set size:undefined disposed:false
54 http fetch GET 200 https://dl.cloudsmith.io/public/iniationware-gmbh/plus4nodered/npm/openp4nr/modbus-serial/8.4.0/openp4nr-modbus-serial-8.4.0.tgz 1059ms (cache miss)
55 http fetch GET 200 https://registry.npmjs.org/@serialport%2flist 992ms (cache miss)
56 silly packumentCache full:https://registry.npmjs.org/@serialport%2flist set size:undefined disposed:false
57 silly placeDep ROOT @openp4nr/modbus-serial@8.4.0 OK for: node-red-contrib-modbus@5.45.2 want: https://dl.cloudsmith.io/public/iniationware-gmbh/plus4nodered/npm/openp4nr/modbus-serial/8.4.0/openp4nr-modbus-serial-8.4.0.tgz
58 silly placeDep ROOT @serialport/list@12.0.0 OK for: node-red-contrib-modbus@5.45.2 want: ~12.0.0
59 silly placeDep ROOT @xstate/fsm@2.1.0 OK for: node-red-contrib-modbus@5.45.2 want: ~2.1.0
60 silly placeDep ROOT bson@6.9.1 OK for: node-red-contrib-modbus@5.45.2 want: ~6.9.0
61 silly placeDep ROOT debug@4.3.7 OK for: node-red-contrib-modbus@5.45.2 want: ~4.3.7
62 silly placeDep ROOT jsmodbus@4.0.10 OK for: node-red-contrib-modbus@5.45.2 want: ~4.0.10
63 silly placeDep ROOT line-by-line@0.1.6 OK for: node-red-contrib-modbus@5.45.2 want: ~0.1.6
64 silly placeDep ROOT serialport@12.0.0 OK for: node-red-contrib-modbus@5.45.2 want: ~12.0.0
65 silly placeDep ROOT source-map-support@0.5.21 OK for: node-red-contrib-modbus@5.45.2 want: ~0.5.21
66 silly placeDep ROOT underscore@1.13.8 OK for: node-red-contrib-modbus@5.45.2 want: ~1.13.7
67 silly fetch manifest debug@^4.1.1
68 silly packumentCache full:https://registry.npmjs.org/debug cache-miss
69 silly fetch manifest serialport@^10.4.0
70 silly packumentCache full:https://registry.npmjs.org/serialport cache-miss
71 silly fetch manifest commander@11.0.0
72 silly packumentCache full:https://registry.npmjs.org/commander cache-miss
73 http fetch GET 200 https://registry.npmjs.org/debug 14ms (cache hit)
74 silly packumentCache full:https://registry.npmjs.org/debug set size:195840 disposed:false
75 silly fetch manifest @serialport/bindings-cpp@12.0.1
76 silly packumentCache full:https://registry.npmjs.org/@serialport%2fbindings-cpp cache-miss
77 http fetch GET 200 https://registry.npmjs.org/serialport 24ms (cache hit)
78 silly packumentCache full:https://registry.npmjs.org/serialport set size:490346 disposed:false
79 silly fetch manifest ms@^2.1.3
80 silly packumentCache full:https://registry.npmjs.org/ms cache-miss
81 http fetch GET 200 https://registry.npmjs.org/ms 71ms (cache miss)
82 silly packumentCache full:https://registry.npmjs.org/ms set size:undefined disposed:false
83 silly fetch manifest crc@3.4.0
84 silly packumentCache full:https://registry.npmjs.org/crc cache-miss
85 http fetch GET 200 https://registry.npmjs.org/commander 108ms (cache miss)
86 silly packumentCache full:https://registry.npmjs.org/commander set size:undefined disposed:false
87 silly fetch manifest debug@^3.1.0
88 silly packumentCache full:https://registry.npmjs.org/debug cache-hit
89 silly fetch manifest debug@4.3.4
90 silly packumentCache full:https://registry.npmjs.org/debug cache-hit
91 silly fetch manifest @serialport/stream@12.0.0
92 silly packumentCache full:https://registry.npmjs.org/@serialport%2fstream cache-miss
93 http fetch GET 200 https://registry.npmjs.org/crc 66ms (cache miss)
94 silly packumentCache full:https://registry.npmjs.org/crc set size:undefined disposed:false
95 silly fetch manifest @serialport/binding-mock@10.2.2
96 silly packumentCache full:https://registry.npmjs.org/@serialport%2fbinding-mock cache-miss
97 http fetch GET 200 https://registry.npmjs.org/@serialport%2fstream 687ms (cache miss)
98 silly packumentCache full:https://registry.npmjs.org/@serialport%2fstream set size:undefined disposed:false
99 silly fetch manifest @serialport/bindings-cpp@12.0.1
100 silly packumentCache full:https://registry.npmjs.org/@serialport%2fbindings-cpp cache-miss
101 http fetch GET 200 https://registry.npmjs.org/@serialport%2fbindings-cpp 915ms (cache miss)
102 silly packumentCache full:https://registry.npmjs.org/@serialport%2fbindings-cpp set size:undefined disposed:false
103 silly fetch manifest @serialport/parser-ready@12.0.0
104 silly packumentCache full:https://registry.npmjs.org/@serialport%2fparser-ready cache-miss
105 http fetch GET 200 https://registry.npmjs.org/@serialport%2fbindings-cpp 256ms (cache miss)
106 silly packumentCache full:https://registry.npmjs.org/@serialport%2fbindings-cpp set size:undefined disposed:false
107 silly fetch manifest @serialport/parser-regex@12.0.0
108 silly packumentCache full:https://registry.npmjs.org/@serialport%2fparser-regex cache-miss
109 http fetch GET 200 https://registry.npmjs.org/@serialport%2fbinding-mock 918ms (cache miss)
110 silly packumentCache full:https://registry.npmjs.org/@serialport%2fbinding-mock set size:undefined disposed:false
111 silly fetch manifest @serialport/parser-cctalk@12.0.0
112 silly packumentCache full:https://registry.npmjs.org/@serialport%2fparser-cctalk cache-miss
113 http fetch GET 200 https://registry.npmjs.org/@serialport%2fparser-ready 663ms (cache miss)
114 silly packumentCache full:https://registry.npmjs.org/@serialport%2fparser-ready set size:undefined disposed:false
115 silly fetch manifest @serialport/parser-readline@12.0.0
116 silly packumentCache full:https://registry.npmjs.org/@serialport%2fparser-readline cache-miss
117 http fetch GET 200 https://registry.npmjs.org/@serialport%2fparser-regex 592ms (cache miss)
118 silly packumentCache full:https://registry.npmjs.org/@serialport%2fparser-regex set size:undefined disposed:false
119 silly fetch manifest @serialport/parser-delimiter@12.0.0
120 silly packumentCache full:https://registry.npmjs.org/@serialport%2fparser-delimiter cache-miss
121 http fetch GET 200 https://registry.npmjs.org/@serialport%2fparser-cctalk 963ms (cache miss)
122 silly packumentCache full:https://registry.npmjs.org/@serialport%2fparser-cctalk set size:undefined disposed:false
123 silly fetch manifest @serialport/parser-byte-length@12.0.0
124 silly packumentCache full:https://registry.npmjs.org/@serialport%2fparser-byte-length cache-miss
125 http fetch GET 200 https://registry.npmjs.org/@serialport%2fparser-readline 582ms (cache miss)
126 silly packumentCache full:https://registry.npmjs.org/@serialport%2fparser-readline set size:undefined disposed:false
127 silly fetch manifest @serialport/parser-spacepacket@12.0.0
128 silly packumentCache full:https://registry.npmjs.org/@serialport%2fparser-spacepacket cache-miss
129 http fetch GET 200 https://registry.npmjs.org/@serialport%2fparser-delimiter 953ms (cache miss)
130 silly packumentCache full:https://registry.npmjs.org/@serialport%2fparser-delimiter set size:undefined disposed:false
131 silly fetch manifest @serialport/parser-slip-encoder@12.0.0
132 silly packumentCache full:https://registry.npmjs.org/@serialport%2fparser-slip-encoder cache-miss
133 http fetch GET 200 https://registry.npmjs.org/@serialport%2fparser-byte-length 585ms (cache miss)
134 silly packumentCache full:https://registry.npmjs.org/@serialport%2fparser-byte-length set size:undefined disposed:false
135 silly fetch manifest @serialport/parser-packet-length@12.0.0
136 silly packumentCache full:https://registry.npmjs.org/@serialport%2fparser-packet-length cache-miss
137 http fetch GET 200 https://registry.npmjs.org/@serialport%2fparser-spacepacket 898ms (cache miss)
138 silly packumentCache full:https://registry.npmjs.org/@serialport%2fparser-spacepacket set size:undefined disposed:false
139 silly fetch manifest @serialport/parser-inter-byte-timeout@12.0.0
140 silly packumentCache full:https://registry.npmjs.org/@serialport%2fparser-inter-byte-timeout cache-miss
141 http fetch GET 200 https://registry.npmjs.org/@serialport%2fparser-slip-encoder 574ms (cache miss)
142 silly packumentCache full:https://registry.npmjs.org/@serialport%2fparser-slip-encoder set size:undefined disposed:false
143 silly fetch manifest buffer-from@^1.0.0
144 silly packumentCache full:https://registry.npmjs.org/buffer-from cache-miss
145 http fetch GET 200 https://registry.npmjs.org/buffer-from 104ms (cache miss)
146 silly packumentCache full:https://registry.npmjs.org/buffer-from set size:undefined disposed:false
147 silly fetch manifest source-map@^0.6.0
148 silly packumentCache full:https://registry.npmjs.org/source-map cache-miss
149 http fetch GET 200 https://registry.npmjs.org/source-map 80ms (cache miss)
150 silly packumentCache full:https://registry.npmjs.org/source-map set size:undefined disposed:false
151 http fetch GET 200 https://registry.npmjs.org/@serialport%2fparser-packet-length 933ms (cache miss)
152 silly packumentCache full:https://registry.npmjs.org/@serialport%2fparser-packet-length set size:undefined disposed:false
153 http fetch GET 200 https://registry.npmjs.org/@serialport%2fparser-inter-byte-timeout 572ms (cache miss)
154 silly packumentCache full:https://registry.npmjs.org/@serialport%2fparser-inter-byte-timeout set size:undefined disposed:false
155 silly placeDep node_modules/@openp4nr/modbus-serial serialport@10.5.0 OK for: @openp4nr/modbus-serial@8.4.0 want: ^10.4.0
156 silly fetch manifest @serialport/stream@10.5.0
157 silly packumentCache full:https://registry.npmjs.org/@serialport%2fstream cache-miss
158 silly fetch manifest @serialport/bindings-cpp@10.8.0
159 silly packumentCache full:https://registry.npmjs.org/@serialport%2fbindings-cpp cache-miss
160 silly fetch manifest @serialport/parser-ready@10.5.0
161 silly packumentCache full:https://registry.npmjs.org/@serialport%2fparser-ready cache-miss
162 http fetch GET 200 https://registry.npmjs.org/@serialport%2fstream 13ms (cache hit)
163 silly packumentCache full:https://registry.npmjs.org/@serialport%2fstream set size:75131 disposed:false
164 silly fetch manifest @serialport/parser-regex@10.5.0
165 silly packumentCache full:https://registry.npmjs.org/@serialport%2fparser-regex cache-miss
166 http fetch GET 200 https://registry.npmjs.org/@serialport%2fparser-ready 14ms (cache hit)
167 silly packumentCache full:https://registry.npmjs.org/@serialport%2fparser-ready set size:58179 disposed:false
168 silly fetch manifest @serialport/parser-cctalk@10.5.0
169 silly packumentCache full:https://registry.npmjs.org/@serialport%2fparser-cctalk cache-miss
170 http fetch GET 200 https://registry.npmjs.org/@serialport%2fbindings-cpp 18ms (cache hit)
171 silly packumentCache full:https://registry.npmjs.org/@serialport%2fbindings-cpp set size:141588 disposed:false
172 silly fetch manifest @serialport/parser-readline@10.5.0
173 silly packumentCache full:https://registry.npmjs.org/@serialport%2fparser-readline cache-miss
174 http fetch GET 200 https://registry.npmjs.org/@serialport%2fparser-regex 17ms (cache hit)
175 silly packumentCache full:https://registry.npmjs.org/@serialport%2fparser-regex set size:58180 disposed:false
176 silly fetch manifest @serialport/parser-delimiter@10.5.0
177 silly packumentCache full:https://registry.npmjs.org/@serialport%2fparser-delimiter cache-miss
178 http fetch GET 200 https://registry.npmjs.org/@serialport%2fparser-cctalk 17ms (cache hit)
179 silly packumentCache full:https://registry.npmjs.org/@serialport%2fparser-cctalk set size:58687 disposed:false
180 silly fetch manifest @serialport/parser-byte-length@10.5.0
181 silly packumentCache full:https://registry.npmjs.org/@serialport%2fparser-byte-length cache-miss
182 http fetch GET 200 https://registry.npmjs.org/@serialport%2fparser-readline 15ms (cache hit)
183 silly packumentCache full:https://registry.npmjs.org/@serialport%2fparser-readline set size:60363 disposed:false
184 silly fetch manifest @serialport/parser-spacepacket@10.5.0
185 silly packumentCache full:https://registry.npmjs.org/@serialport%2fparser-spacepacket cache-miss
186 http fetch GET 200 https://registry.npmjs.org/@serialport%2fparser-delimiter 16ms (cache hit)
187 silly packumentCache full:https://registry.npmjs.org/@serialport%2fparser-delimiter set size:58805 disposed:false
188 silly fetch manifest @serialport/parser-slip-encoder@10.5.0
189 silly packumentCache full:https://registry.npmjs.org/@serialport%2fparser-slip-encoder cache-miss
190 http fetch GET 200 https://registry.npmjs.org/@serialport%2fparser-byte-length 17ms (cache hit)
191 silly packumentCache full:https://registry.npmjs.org/@serialport%2fparser-byte-length set size:59122 disposed:false
192 silly fetch manifest @serialport/parser-packet-length@10.5.0
193 silly packumentCache full:https://registry.npmjs.org/@serialport%2fparser-packet-length cache-miss
194 http fetch GET 200 https://registry.npmjs.org/@serialport%2fparser-spacepacket 17ms (cache hit)
195 silly packumentCache full:https://registry.npmjs.org/@serialport%2fparser-spacepacket set size:34720 disposed:false
196 silly fetch manifest @serialport/parser-inter-byte-timeout@10.5.0
197 silly packumentCache full:https://registry.npmjs.org/@serialport%2fparser-inter-byte-timeout cache-miss
198 http fetch GET 200 https://registry.npmjs.org/@serialport%2fparser-slip-encoder 26ms (cache hit)
199 silly packumentCache full:https://registry.npmjs.org/@serialport%2fparser-slip-encoder set size:61783 disposed:false
200 http fetch GET 200 https://registry.npmjs.org/@serialport%2fparser-packet-length 24ms (cache hit)
201 silly packumentCache full:https://registry.npmjs.org/@serialport%2fparser-packet-length set size:30339 disposed:false
202 http fetch GET 200 https://registry.npmjs.org/@serialport%2fparser-inter-byte-timeout 23ms (cache hit)
203 silly packumentCache full:https://registry.npmjs.org/@serialport%2fparser-inter-byte-timeout set size:52699 disposed:false
204 silly placeDep ROOT @serialport/bindings-cpp@12.0.1 OK for: @serialport/list@12.0.0 want: 12.0.1
205 silly placeDep ROOT commander@11.0.0 OK for: @serialport/list@12.0.0 want: 11.0.0
206 silly fetch manifest node-addon-api@7.0.0
207 silly packumentCache full:https://registry.npmjs.org/node-addon-api cache-miss
208 silly fetch manifest node-gyp-build@4.6.0
209 silly packumentCache full:https://registry.npmjs.org/node-gyp-build cache-miss
210 silly fetch manifest @serialport/parser-readline@11.0.0
211 silly packumentCache full:https://registry.npmjs.org/@serialport%2fparser-readline cache-hit
212 silly fetch manifest @serialport/bindings-interface@1.2.2
213 silly packumentCache full:https://registry.npmjs.org/@serialport%2fbindings-interface cache-miss
214 http fetch GET 200 https://registry.npmjs.org/node-gyp-build 63ms (cache miss)
215 silly packumentCache full:https://registry.npmjs.org/node-gyp-build set size:undefined disposed:false
216 http fetch GET 200 https://registry.npmjs.org/node-addon-api 78ms (cache miss)
217 silly packumentCache full:https://registry.npmjs.org/node-addon-api set size:undefined disposed:false
218 http fetch GET 200 https://registry.npmjs.org/@serialport%2fbindings-interface 579ms (cache miss)
219 silly packumentCache full:https://registry.npmjs.org/@serialport%2fbindings-interface set size:undefined disposed:false
220 silly placeDep ROOT @serialport/bindings-interface@1.2.2 OK for: @serialport/bindings-cpp@12.0.1 want: 1.2.2
221 silly placeDep ROOT @serialport/parser-readline@11.0.0 OK for: @serialport/bindings-cpp@12.0.1 want: 11.0.0
222 silly placeDep node_modules/@serialport/bindings-cpp debug@4.3.4 OK for: @serialport/bindings-cpp@12.0.1 want: 4.3.4
223 silly placeDep ROOT node-addon-api@7.0.0 OK for: @serialport/bindings-cpp@12.0.1 want: 7.0.0
224 silly placeDep ROOT node-gyp-build@4.6.0 OK for: @serialport/bindings-cpp@12.0.1 want: 4.6.0
225 silly fetch manifest @serialport/parser-delimiter@11.0.0
226 silly packumentCache full:https://registry.npmjs.org/@serialport%2fparser-delimiter cache-hit
227 silly fetch manifest ms@2.1.2
228 silly packumentCache full:https://registry.npmjs.org/ms cache-miss
229 http fetch GET 200 https://registry.npmjs.org/ms 21ms (cache hit)
230 silly packumentCache full:https://registry.npmjs.org/ms set size:92208 disposed:false
231 silly placeDep ROOT @serialport/parser-delimiter@11.0.0 OK for: @serialport/parser-readline@11.0.0 want: 11.0.0
232 silly placeDep ROOT ms@2.1.3 OK for: debug@4.3.7 want: ^2.1.3
233 silly placeDep ROOT crc@3.4.0 OK for: jsmodbus@4.0.10 want: 3.4.0
234 silly placeDep node_modules/jsmodbus debug@3.2.7 OK for: jsmodbus@4.0.10 want: ^3.1.0
235 silly placeDep ROOT @serialport/binding-mock@10.2.2 OK for: serialport@12.0.0 want: 10.2.2
236 silly placeDep ROOT @serialport/parser-byte-length@12.0.0 OK for: serialport@12.0.0 want: 12.0.0
237 silly placeDep ROOT @serialport/parser-cctalk@12.0.0 OK for: serialport@12.0.0 want: 12.0.0
238 silly placeDep node_modules/serialport @serialport/parser-delimiter@12.0.0 OK for: serialport@12.0.0 want: 12.0.0
239 silly placeDep ROOT @serialport/parser-inter-byte-timeout@12.0.0 OK for: serialport@12.0.0 want: 12.0.0
240 silly placeDep ROOT @serialport/parser-packet-length@12.0.0 OK for: serialport@12.0.0 want: 12.0.0
241 silly placeDep node_modules/serialport @serialport/parser-readline@12.0.0 OK for: serialport@12.0.0 want: 12.0.0
242 silly placeDep ROOT @serialport/parser-ready@12.0.0 OK for: serialport@12.0.0 want: 12.0.0
243 silly placeDep ROOT @serialport/parser-regex@12.0.0 OK for: serialport@12.0.0 want: 12.0.0
244 silly placeDep ROOT @serialport/parser-slip-encoder@12.0.0 OK for: serialport@12.0.0 want: 12.0.0
245 silly placeDep ROOT @serialport/parser-spacepacket@12.0.0 OK for: serialport@12.0.0 want: 12.0.0
246 silly placeDep ROOT @serialport/stream@12.0.0 OK for: serialport@12.0.0 want: 12.0.0
247 silly placeDep node_modules/serialport debug@4.3.4 OK for: serialport@12.0.0 want: 4.3.4
248 silly placeDep node_modules/@serialport/stream debug@4.3.4 OK for: @serialport/stream@12.0.0 want: 4.3.4
249 silly placeDep ROOT buffer-from@1.1.2 OK for: source-map-support@0.5.21 want: ^1.0.0
250 silly placeDep ROOT source-map@0.6.1 OK for: source-map-support@0.5.21 want: ^0.6.0
251 silly placeDep node_modules/@openp4nr/modbus-serial @serialport/bindings-cpp@10.8.0 OK for: serialport@10.5.0 want: 10.8.0
252 silly placeDep node_modules/@openp4nr/modbus-serial @serialport/parser-byte-length@10.5.0 OK for: serialport@10.5.0 want: 10.5.0
253 silly placeDep node_modules/@openp4nr/modbus-serial @serialport/parser-cctalk@10.5.0 OK for: serialport@10.5.0 want: 10.5.0
254 silly placeDep node_modules/@openp4nr/modbus-serial @serialport/parser-delimiter@10.5.0 OK for: serialport@10.5.0 want: 10.5.0
255 silly placeDep node_modules/@openp4nr/modbus-serial @serialport/parser-inter-byte-timeout@10.5.0 OK for: serialport@10.5.0 want: 10.5.0
256 silly placeDep node_modules/@openp4nr/modbus-serial @serialport/parser-packet-length@10.5.0 OK for: serialport@10.5.0 want: 10.5.0
257 silly placeDep node_modules/@openp4nr/modbus-serial @serialport/parser-readline@10.5.0 OK for: serialport@10.5.0 want: 10.5.0
258 silly placeDep node_modules/@openp4nr/modbus-serial @serialport/parser-ready@10.5.0 OK for: serialport@10.5.0 want: 10.5.0
259 silly placeDep node_modules/@openp4nr/modbus-serial @serialport/parser-regex@10.5.0 OK for: serialport@10.5.0 want: 10.5.0
260 silly placeDep node_modules/@openp4nr/modbus-serial @serialport/parser-slip-encoder@10.5.0 OK for: serialport@10.5.0 want: 10.5.0
261 silly placeDep node_modules/@openp4nr/modbus-serial @serialport/parser-spacepacket@10.5.0 OK for: serialport@10.5.0 want: 10.5.0
262 silly placeDep node_modules/@openp4nr/modbus-serial @serialport/stream@10.5.0 OK for: serialport@10.5.0 want: 10.5.0
263 silly fetch manifest node-addon-api@^5.0.0
264 silly packumentCache full:https://registry.npmjs.org/node-addon-api cache-miss
265 silly fetch manifest @serialport/parser-readline@^10.2.1
266 silly packumentCache full:https://registry.npmjs.org/@serialport%2fparser-readline cache-hit
267 http fetch GET 200 https://registry.npmjs.org/node-addon-api 5ms (cache hit)
268 silly packumentCache full:https://registry.npmjs.org/node-addon-api set size:347062 disposed:false
269 silly placeDep node_modules/@openp4nr/modbus-serial node-addon-api@5.1.0 OK for: @serialport/bindings-cpp@10.8.0 want: ^5.0.0
270 silly placeDep node_modules/@serialport/bindings-cpp ms@2.1.2 OK for: debug@4.3.4 want: 2.1.2
271 silly placeDep node_modules/@serialport/stream ms@2.1.2 OK for: debug@4.3.4 want: 2.1.2
272 silly placeDep node_modules/serialport ms@2.1.2 OK for: debug@4.3.4 want: 2.1.2
273 silly reify moves {}
274 silly tarball no local data for source-map@https://registry.npmjs.org/source-map/-/source-map-0.6.1.tgz. Extracting by manifest.
275 silly tarball no local data for buffer-from@https://registry.npmjs.org/buffer-from/-/buffer-from-1.1.2.tgz. Extracting by manifest.
276 silly tarball no local data for @serialport/stream@https://registry.npmjs.org/@serialport/stream/-/stream-12.0.0.tgz. Extracting by manifest.
277 silly tarball no local data for @serialport/parser-spacepacket@https://registry.npmjs.org/@serialport/parser-spacepacket/-/parser-spacepacket-12.0.0.tgz. Extracting by manifest.
278 silly tarball no local data for @serialport/parser-slip-encoder@https://registry.npmjs.org/@serialport/parser-slip-encoder/-/parser-slip-encoder-12.0.0.tgz. Extracting by manifest.
279 silly tarball no local data for @serialport/parser-regex@https://registry.npmjs.org/@serialport/parser-regex/-/parser-regex-12.0.0.tgz. Extracting by manifest.
280 silly tarball no local data for @serialport/parser-ready@https://registry.npmjs.org/@serialport/parser-ready/-/parser-ready-12.0.0.tgz. Extracting by manifest.
281 silly tarball no local data for @serialport/parser-packet-length@https://registry.npmjs.org/@serialport/parser-packet-length/-/parser-packet-length-12.0.0.tgz. Extracting by manifest.
282 silly tarball no local data for @serialport/parser-inter-byte-timeout@https://registry.npmjs.org/@serialport/parser-inter-byte-timeout/-/parser-inter-byte-timeout-12.0.0.tgz. Extracting by manifest.
283 silly tarball no local data for @serialport/parser-cctalk@https://registry.npmjs.org/@serialport/parser-cctalk/-/parser-cctalk-12.0.0.tgz. Extracting by manifest.
284 silly tarball no local data for @serialport/parser-byte-length@https://registry.npmjs.org/@serialport/parser-byte-length/-/parser-byte-length-12.0.0.tgz. Extracting by manifest.
285 silly tarball no local data for @serialport/binding-mock@https://registry.npmjs.org/@serialport/binding-mock/-/binding-mock-10.2.2.tgz. Extracting by manifest.
286 silly tarball no local data for crc@https://registry.npmjs.org/crc/-/crc-3.4.0.tgz. Extracting by manifest.
287 silly tarball no local data for ms@https://registry.npmjs.org/ms/-/ms-2.1.3.tgz. Extracting by manifest.
288 silly tarball no local data for @serialport/parser-delimiter@https://registry.npmjs.org/@serialport/parser-delimiter/-/parser-delimiter-11.0.0.tgz. Extracting by manifest.
289 silly tarball no local data for node-gyp-build@https://registry.npmjs.org/node-gyp-build/-/node-gyp-build-4.6.0.tgz. Extracting by manifest.
290 silly tarball no local data for node-addon-api@https://registry.npmjs.org/node-addon-api/-/node-addon-api-7.0.0.tgz. Extracting by manifest.
291 silly tarball no local data for @serialport/parser-readline@https://registry.npmjs.org/@serialport/parser-readline/-/parser-readline-11.0.0.tgz. Extracting by manifest.
292 silly tarball no local data for @serialport/bindings-interface@https://registry.npmjs.org/@serialport/bindings-interface/-/bindings-interface-1.2.2.tgz. Extracting by manifest.
293 silly tarball no local data for commander@https://registry.npmjs.org/commander/-/commander-11.0.0.tgz. Extracting by manifest.
294 silly tarball no local data for @serialport/bindings-cpp@https://registry.npmjs.org/@serialport/bindings-cpp/-/bindings-cpp-12.0.1.tgz. Extracting by manifest.
295 silly tarball no local data for underscore@https://registry.npmjs.org/underscore/-/underscore-1.13.8.tgz. Extracting by manifest.
296 silly tarball no local data for source-map-support@https://registry.npmjs.org/source-map-support/-/source-map-support-0.5.21.tgz. Extracting by manifest.
297 silly tarball no local data for serialport@https://registry.npmjs.org/serialport/-/serialport-12.0.0.tgz. Extracting by manifest.
298 silly tarball no local data for line-by-line@https://registry.npmjs.org/line-by-line/-/line-by-line-0.1.6.tgz. Extracting by manifest.
299 silly tarball no local data for jsmodbus@https://registry.npmjs.org/jsmodbus/-/jsmodbus-4.0.10.tgz. Extracting by manifest.
300 silly tarball no local data for debug@https://registry.npmjs.org/debug/-/debug-4.3.7.tgz. Extracting by manifest.
301 silly tarball no local data for bson@https://registry.npmjs.org/bson/-/bson-6.9.1.tgz. Extracting by manifest.
302 silly tarball no local data for @xstate/fsm@https://registry.npmjs.org/@xstate/fsm/-/fsm-2.1.0.tgz. Extracting by manifest.
303 silly tarball no local data for @serialport/list@https://registry.npmjs.org/@serialport/list/-/list-12.0.0.tgz. Extracting by manifest.
304 silly tarball no local data for node-red-contrib-modbus@https://registry.npmjs.org/node-red-contrib-modbus/-/node-red-contrib-modbus-5.45.2.tgz. Extracting by manifest.
305 silly tarball no local data for ms@https://registry.npmjs.org/ms/-/ms-2.1.2.tgz. Extracting by manifest.
306 silly tarball no local data for debug@https://registry.npmjs.org/debug/-/debug-4.3.4.tgz. Extracting by manifest.
307 silly tarball no local data for ms@https://registry.npmjs.org/ms/-/ms-2.1.2.tgz. Extracting by manifest.
308 silly tarball no local data for debug@https://registry.npmjs.org/debug/-/debug-4.3.4.tgz. Extracting by manifest.
309 silly tarball no local data for ms@https://registry.npmjs.org/ms/-/ms-2.1.2.tgz. Extracting by manifest.
310 silly tarball no local data for debug@https://registry.npmjs.org/debug/-/debug-4.3.4.tgz. Extracting by manifest.
311 silly tarball no local data for @serialport/parser-readline@https://registry.npmjs.org/@serialport/parser-readline/-/parser-readline-12.0.0.tgz. Extracting by manifest.
312 silly tarball no local data for @serialport/parser-delimiter@https://registry.npmjs.org/@serialport/parser-delimiter/-/parser-delimiter-12.0.0.tgz. Extracting by manifest.
313 silly tarball no local data for debug@https://registry.npmjs.org/debug/-/debug-3.2.7.tgz. Extracting by manifest.
314 silly tarball no local data for node-addon-api@https://registry.npmjs.org/node-addon-api/-/node-addon-api-5.1.0.tgz. Extracting by manifest.
315 silly tarball no local data for @serialport/stream@https://registry.npmjs.org/@serialport/stream/-/stream-10.5.0.tgz. Extracting by manifest.
316 silly tarball no local data for @serialport/parser-spacepacket@https://registry.npmjs.org/@serialport/parser-spacepacket/-/parser-spacepacket-10.5.0.tgz. Extracting by manifest.
317 silly tarball no local data for @serialport/parser-slip-encoder@https://registry.npmjs.org/@serialport/parser-slip-encoder/-/parser-slip-encoder-10.5.0.tgz. Extracting by manifest.
318 silly tarball no local data for @serialport/parser-regex@https://registry.npmjs.org/@serialport/parser-regex/-/parser-regex-10.5.0.tgz. Extracting by manifest.
319 silly tarball no local data for @serialport/parser-ready@https://registry.npmjs.org/@serialport/parser-ready/-/parser-ready-10.5.0.tgz. Extracting by manifest.
320 silly tarball no local data for @serialport/parser-readline@https://registry.npmjs.org/@serialport/parser-readline/-/parser-readline-10.5.0.tgz. Extracting by manifest.
321 silly tarball no local data for @serialport/parser-packet-length@https://registry.npmjs.org/@serialport/parser-packet-length/-/parser-packet-length-10.5.0.tgz. Extracting by manifest.
322 silly tarball no local data for @serialport/parser-inter-byte-timeout@https://registry.npmjs.org/@serialport/parser-inter-byte-timeout/-/parser-inter-byte-timeout-10.5.0.tgz. Extracting by manifest.
323 silly tarball no local data for @serialport/parser-delimiter@https://registry.npmjs.org/@serialport/parser-delimiter/-/parser-delimiter-10.5.0.tgz. Extracting by manifest.
324 silly tarball no local data for @serialport/parser-cctalk@https://registry.npmjs.org/@serialport/parser-cctalk/-/parser-cctalk-10.5.0.tgz. Extracting by manifest.
325 silly tarball no local data for @serialport/parser-byte-length@https://registry.npmjs.org/@serialport/parser-byte-length/-/parser-byte-length-10.5.0.tgz. Extracting by manifest.
326 silly tarball no local data for @serialport/bindings-cpp@https://registry.npmjs.org/@serialport/bindings-cpp/-/bindings-cpp-10.8.0.tgz. Extracting by manifest.
327 silly tarball no local data for serialport@https://registry.npmjs.org/serialport/-/serialport-10.5.0.tgz. Extracting by manifest.
328 http fetch GET 200 https://registry.npmjs.org/buffer-from/-/buffer-from-1.1.2.tgz 222ms (cache miss)
329 http fetch GET 200 https://registry.npmjs.org/node-gyp-build/-/node-gyp-build-4.6.0.tgz 317ms (cache miss)
330 http fetch GET 200 https://registry.npmjs.org/@serialport/stream/-/stream-12.0.0.tgz 341ms (cache miss)
331 http fetch GET 200 https://registry.npmjs.org/node-addon-api/-/node-addon-api-7.0.0.tgz 335ms (cache miss)
332 http fetch GET 200 https://registry.npmjs.org/source-map/-/source-map-0.6.1.tgz 357ms (cache miss)
333 http fetch GET 200 https://registry.npmjs.org/ms/-/ms-2.1.3.tgz 359ms (cache miss)
334 http fetch GET 200 https://registry.npmjs.org/crc/-/crc-3.4.0.tgz 366ms (cache miss)
335 http fetch GET 200 https://registry.npmjs.org/commander/-/commander-11.0.0.tgz 369ms (cache miss)
336 http fetch GET 200 https://registry.npmjs.org/source-map-support/-/source-map-support-0.5.21.tgz 429ms (cache miss)
337 http fetch GET 200 https://registry.npmjs.org/serialport/-/serialport-12.0.0.tgz 469ms (cache miss)
338 http fetch GET 200 https://registry.npmjs.org/@serialport/parser-regex/-/parser-regex-12.0.0.tgz 695ms (cache miss)
339 http fetch GET 200 https://registry.npmjs.org/@serialport/parser-readline/-/parser-readline-11.0.0.tgz 714ms (cache miss)
340 http fetch GET 200 https://registry.npmjs.org/@serialport/parser-inter-byte-timeout/-/parser-inter-byte-timeout-12.0.0.tgz 725ms (cache miss)
341 http fetch GET 200 https://registry.npmjs.org/@serialport/parser-ready/-/parser-ready-12.0.0.tgz 727ms (cache miss)
342 http fetch GET 200 https://registry.npmjs.org/@serialport/bindings-interface/-/bindings-interface-1.2.2.tgz 715ms (cache miss)
343 http fetch GET 200 https://registry.npmjs.org/@serialport/parser-spacepacket/-/parser-spacepacket-12.0.0.tgz 734ms (cache miss)
344 http fetch GET 200 https://registry.npmjs.org/@serialport/parser-packet-length/-/parser-packet-length-12.0.0.tgz 730ms (cache miss)
345 http fetch GET 200 https://registry.npmjs.org/@serialport/parser-slip-encoder/-/parser-slip-encoder-12.0.0.tgz 734ms (cache miss)
346 http fetch GET 200 https://registry.npmjs.org/@serialport/parser-byte-length/-/parser-byte-length-12.0.0.tgz 736ms (cache miss)
347 http fetch GET 200 https://registry.npmjs.org/@serialport/parser-cctalk/-/parser-cctalk-12.0.0.tgz 737ms (cache miss)
348 http fetch GET 200 https://registry.npmjs.org/@serialport/binding-mock/-/binding-mock-10.2.2.tgz 741ms (cache miss)
349 http fetch GET 200 https://registry.npmjs.org/@serialport/parser-delimiter/-/parser-delimiter-11.0.0.tgz 744ms (cache miss)
350 http fetch GET 200 https://registry.npmjs.org/debug/-/debug-4.3.4.tgz 714ms (cache miss)
351 http fetch GET 200 https://registry.npmjs.org/ms/-/ms-2.1.2.tgz 720ms (cache miss)
352 http fetch GET 200 https://registry.npmjs.org/debug/-/debug-4.3.4.tgz 719ms (cache miss)
353 http fetch GET 200 https://registry.npmjs.org/line-by-line/-/line-by-line-0.1.6.tgz 731ms (cache miss)
354 http fetch GET 200 https://registry.npmjs.org/ms/-/ms-2.1.2.tgz 720ms (cache miss)
355 http fetch GET 200 https://registry.npmjs.org/ms/-/ms-2.1.2.tgz 722ms (cache miss)
356 http fetch GET 200 https://registry.npmjs.org/debug/-/debug-4.3.7.tgz 755ms (cache miss)
357 http fetch GET 200 https://registry.npmjs.org/debug/-/debug-4.3.4.tgz 758ms (cache miss)
358 http fetch GET 200 https://registry.npmjs.org/debug/-/debug-3.2.7.tgz 779ms (cache miss)
359 http fetch GET 200 https://registry.npmjs.org/@serialport/parser-delimiter/-/parser-delimiter-12.0.0.tgz 801ms (cache miss)
360 http fetch GET 200 https://registry.npmjs.org/@serialport/list/-/list-12.0.0.tgz 817ms (cache miss)
361 http fetch GET 200 https://registry.npmjs.org/@serialport/stream/-/stream-10.5.0.tgz 848ms (cache miss)
362 http fetch GET 200 https://registry.npmjs.org/@xstate/fsm/-/fsm-2.1.0.tgz 864ms (cache miss)
363 http fetch GET 200 https://registry.npmjs.org/node-addon-api/-/node-addon-api-5.1.0.tgz 864ms (cache miss)
364 http fetch GET 200 https://registry.npmjs.org/serialport/-/serialport-10.5.0.tgz 831ms (cache miss)
365 http fetch GET 200 https://registry.npmjs.org/@serialport/parser-slip-encoder/-/parser-slip-encoder-10.5.0.tgz 864ms (cache miss)
366 http fetch GET 200 https://registry.npmjs.org/@serialport/parser-regex/-/parser-regex-10.5.0.tgz 864ms (cache miss)
367 http fetch GET 200 https://registry.npmjs.org/@serialport/parser-readline/-/parser-readline-10.5.0.tgz 869ms (cache miss)
368 http fetch GET 200 https://registry.npmjs.org/@serialport/parser-inter-byte-timeout/-/parser-inter-byte-timeout-10.5.0.tgz 869ms (cache miss)
369 http fetch GET 200 https://registry.npmjs.org/@serialport/parser-packet-length/-/parser-packet-length-10.5.0.tgz 874ms (cache miss)
370 http fetch GET 200 https://registry.npmjs.org/@serialport/parser-delimiter/-/parser-delimiter-10.5.0.tgz 919ms (cache miss)
371 http fetch GET 200 https://registry.npmjs.org/@serialport/parser-cctalk/-/parser-cctalk-10.5.0.tgz 943ms (cache miss)
372 http fetch GET 200 https://registry.npmjs.org/@serialport/parser-byte-length/-/parser-byte-length-10.5.0.tgz 990ms (cache miss)
373 http fetch GET 200 https://registry.npmjs.org/jsmodbus/-/jsmodbus-4.0.10.tgz 1077ms (cache miss)
374 http fetch GET 200 https://registry.npmjs.org/@serialport/parser-readline/-/parser-readline-12.0.0.tgz 1102ms (cache miss)
375 http fetch GET 200 https://registry.npmjs.org/@serialport/bindings-cpp/-/bindings-cpp-12.0.1.tgz 1140ms (cache miss)
376 http fetch GET 200 https://registry.npmjs.org/@serialport/parser-spacepacket/-/parser-spacepacket-10.5.0.tgz 1133ms (cache miss)
377 http fetch GET 200 https://registry.npmjs.org/bson/-/bson-6.9.1.tgz 1148ms (cache miss)
378 http fetch GET 200 https://registry.npmjs.org/underscore/-/underscore-1.13.8.tgz 1197ms (cache miss)
379 http fetch GET 200 https://registry.npmjs.org/@serialport/bindings-cpp/-/bindings-cpp-10.8.0.tgz 1146ms (cache miss)
380 http fetch GET 200 https://registry.npmjs.org/@serialport/parser-ready/-/parser-ready-10.5.0.tgz 1212ms (cache miss)
381 http fetch GET 200 https://registry.npmjs.org/node-red-contrib-modbus/-/node-red-contrib-modbus-5.45.2.tgz 1319ms (cache miss)
382 info run @serialport/bindings-cpp@12.0.1 install node_modules/@serialport/bindings-cpp node-gyp-build
383 info run @serialport/bindings-cpp@10.8.0 install node_modules/@openp4nr/modbus-serial/node_modules/@serialport/bindings-cpp node-gyp-build
384 info run @serialport/bindings-cpp@12.0.1 install { code: 0, signal: null }
385 info run @serialport/bindings-cpp@10.8.0 install { code: 0, signal: null }
386 silly ADD node_modules/source-map
387 silly ADD node_modules/buffer-from
388 silly ADD node_modules/@serialport/stream
389 silly ADD node_modules/@serialport/stream/node_modules/ms
390 silly ADD node_modules/@serialport/stream/node_modules/debug
391 silly ADD node_modules/@serialport/parser-spacepacket
392 silly ADD node_modules/@serialport/parser-slip-encoder
393 silly ADD node_modules/@serialport/parser-regex
394 silly ADD node_modules/@serialport/parser-ready
395 silly ADD node_modules/@serialport/parser-packet-length
396 silly ADD node_modules/@serialport/parser-inter-byte-timeout
397 silly ADD node_modules/@serialport/parser-cctalk
398 silly ADD node_modules/@serialport/parser-byte-length
399 silly ADD node_modules/@serialport/binding-mock
400 silly ADD node_modules/crc
401 silly ADD node_modules/ms
402 silly ADD node_modules/@serialport/parser-delimiter
403 silly ADD node_modules/node-gyp-build
404 silly ADD node_modules/node-addon-api
405 silly ADD node_modules/@serialport/parser-readline
406 silly ADD node_modules/@serialport/bindings-interface
407 silly ADD node_modules/commander
408 silly ADD node_modules/@serialport/bindings-cpp
409 silly ADD node_modules/@serialport/bindings-cpp/node_modules/ms
410 silly ADD node_modules/@serialport/bindings-cpp/node_modules/debug
411 silly ADD node_modules/underscore
412 silly ADD node_modules/source-map-support
413 silly ADD node_modules/serialport
414 silly ADD node_modules/serialport/node_modules/ms
415 silly ADD node_modules/serialport/node_modules/debug
416 silly ADD node_modules/serialport/node_modules/@serialport/parser-readline
417 silly ADD node_modules/serialport/node_modules/@serialport/parser-delimiter
418 silly ADD node_modules/line-by-line
419 silly ADD node_modules/jsmodbus
420 silly ADD node_modules/jsmodbus/node_modules/debug
421 silly ADD node_modules/debug
422 silly ADD node_modules/bson
423 silly ADD node_modules/@xstate/fsm
424 silly ADD node_modules/@serialport/list
425 silly ADD node_modules/@openp4nr/modbus-serial
426 silly ADD node_modules/@openp4nr/modbus-serial/node_modules/node-addon-api
427 silly ADD node_modules/@openp4nr/modbus-serial/node_modules/@serialport/stream
428 silly ADD node_modules/@openp4nr/modbus-serial/node_modules/@serialport/parser-spacepacket
429 silly ADD node_modules/@openp4nr/modbus-serial/node_modules/@serialport/parser-slip-encoder
430 silly ADD node_modules/@openp4nr/modbus-serial/node_modules/@serialport/parser-regex
431 silly ADD node_modules/@openp4nr/modbus-serial/node_modules/@serialport/parser-ready
432 silly ADD node_modules/@openp4nr/modbus-serial/node_modules/@serialport/parser-readline
433 silly ADD node_modules/@openp4nr/modbus-serial/node_modules/@serialport/parser-packet-length
434 silly ADD node_modules/@openp4nr/modbus-serial/node_modules/@serialport/parser-inter-byte-timeout
435 silly ADD node_modules/@openp4nr/modbus-serial/node_modules/@serialport/parser-delimiter
436 silly ADD node_modules/@openp4nr/modbus-serial/node_modules/@serialport/parser-cctalk
437 silly ADD node_modules/@openp4nr/modbus-serial/node_modules/@serialport/parser-byte-length
438 silly ADD node_modules/@openp4nr/modbus-serial/node_modules/@serialport/bindings-cpp
439 silly ADD node_modules/@openp4nr/modbus-serial/node_modules/serialport
440 silly ADD node_modules/node-red-contrib-modbus
441 verbose cwd /data
442 verbose os Linux 6.8.0-1048-raspi
443 verbose node v20.20.1
444 verbose npm  v10.8.2
445 verbose exit 0
446 info ok
